D:/assignmentq1/Core/Src/main.c:74:5:main	8	static
D:/assignmentq1/Core/Src/main.c:97:6:SystemClock_Config	88	static
D:/assignmentq1/Core/Src/main.c:138:13:MX_TIM6_Init	24	static
D:/assignmentq1/Core/Src/main.c:176:13:MX_USART2_UART_Init	8	static
D:/assignmentq1/Core/Src/main.c:224:13:MX_GPIO_Init	48	static
D:/assignmentq1/Core/Src/main.c:272:6:HAL_GPIO_EXTI_Falling_Callback	16	static
D:/assignmentq1/Core/Src/main.c:322:6:HAL_TIM_PeriodElapsedCallback	16	static
D:/assignmentq1/Core/Src/main.c:336:6:Error_Handler	8	static,ignoring_inline_asm
